// Vitest Snapshot v1, https://vitest.dev/guide/snapshot.html

exports[`AppBreadcrumb > matches the snapshot 1`] = `
"<nav aria-label="Caminho da página" class="flex min-w-0 items-center gap-2 overflow-hidden rounded-md border border-border bg-surface/70 px-3 py-1.5 text-xs font-medium text-subtle shadow-sm">
  <!--v-if--><a class="shrink-0 text-muted transition duration-300 hover:text-primary" href="/">Inicio</a><span class="text-border">-&gt;</span><a class="shrink-0 text-muted transition duration-300 hover:text-primary" href="/projetos">Projetos</a><span class="text-border">-&gt;</span><span class="truncate text-foreground">Portfolio</span>
</nav>"
`;
