// Vitest Snapshot v1, https://vitest.dev/guide/snapshot.html

exports[`DescriptionToggleButton > matches the snapshot 1`] = `"<button class="mt-3 text-sm font-medium text-primary transition duration-300 hover:text-primary-hover" type="button" color="neutral" variant="link" aria-controls="project-description" aria-expanded="false">Leia mais</button>"`;
