// Vitest Snapshot v1, https://vitest.dev/guide/snapshot.html

exports[`ProjectLinks > matches the snapshot 1`] = `"<div class="flex flex-wrap gap-3 text-sm" aria-label="Links do projeto"><a class="inline-flex rounded-full bg-primary px-5 py-3 font-semibold text-white transition duration-300 hover:bg-primary-hover focus-visible:outline focus-visible:outline-2 focus-visible:outline-offset-2 focus-visible:outline-primary" color="neutral" variant="solid" rel="noreferrer" target="_blank" href="https://github.com/gabriel-vitebo/curriculoAi">GitHub</a><a class="inline-flex rounded-full border border-border px-5 py-3 font-semibold text-foreground transition duration-300 hover:border-primary hover:text-primary focus-visible:outline focus-visible:outline-2 focus-visible:outline-offset-2 focus-visible:outline-primary" color="neutral" variant="outline" rel="noreferrer" target="_blank" href="https://curriculo-ai-sepia.vercel.app"> Demo </a></div>"`;
