// Vitest Snapshot v1, https://vitest.dev/guide/snapshot.html

exports[`AboutTimeline > matches the snapshot 1`] = `
"<aside class="relative w-full max-w-full" aria-label="Marcos da trajetória">
  <div class="absolute left-5 top-9 h-[calc(100%-4.5rem)] w-px bg-border sm:left-7 sm:top-10 sm:h-[calc(100%-5rem)]" aria-hidden="true"></div>
  <ol class="relative space-y-4">
    <li class="group grid min-w-0 grid-cols-[2.75rem_minmax(0,1fr)] items-start gap-3 sm:grid-cols-[3.5rem_minmax(0,1fr)] sm:gap-4">
      <div class="relative grid size-10 place-items-center rounded-full border border-border bg-background text-primary shadow-md transition duration-300 group-hover:border-primary/60 sm:size-14"><span class="absolute inset-0 rounded-full bg-primary/10 opacity-0 transition duration-300 group-hover:opacity-100"></span>
        <!--v-if--><span class="size-5" aria-hidden="true" data-icon="lucide:graduation-cap" data-size="1em" data-mode="svg"></span>
      </div>
      <div class="min-w-0 rounded-lg border border-border bg-background/70 p-4 shadow-sm transition duration-300 group-hover:border-primary/40">
        <p class="text-xs font-medium uppercase tracking-widest text-subtle">Formação</p>
        <h3 class="mt-2 text-base font-semibold text-foreground">Tecnologia + Design</h3>
        <p class="mt-2 text-sm leading-6 text-muted">ADS e Design Gráfico se encontrando naturalmente no front-end.</p>
      </div>
    </li>
    <li class="group grid min-w-0 grid-cols-[2.75rem_minmax(0,1fr)] items-start gap-3 sm:grid-cols-[3.5rem_minmax(0,1fr)] sm:gap-4">
      <div class="relative grid size-10 place-items-center rounded-full border border-border bg-background text-primary shadow-md transition duration-300 group-hover:border-primary/60 sm:size-14"><span class="absolute inset-0 rounded-full bg-primary/10 opacity-0 transition duration-300 group-hover:opacity-100"></span><span class="absolute inset-0 animate-ping rounded-full border border-primary/30 motion-reduce:hidden" aria-hidden="true"></span><span class="size-5" aria-hidden="true" data-icon="lucide:sparkles" data-size="1em" data-mode="svg"></span></div>
      <div class="min-w-0 rounded-lg border border-border bg-background/70 p-4 shadow-sm transition duration-300 group-hover:border-primary/40">
        <p class="text-xs font-medium uppercase tracking-widest text-subtle">Agora</p>
        <h3 class="mt-2 text-base font-semibold text-foreground">Ciência da Computação</h3>
        <p class="mt-2 text-sm leading-6 text-muted">Estudo contínuo, projetos próprios e aprendizados compartilhados no blog.</p>
      </div>
    </li>
  </ol>
</aside>"
`;
