// Vitest Snapshot v1, https://vitest.dev/guide/snapshot.html

exports[`EducationCards > matches the snapshot 1`] = `
"<div class="grid gap-4 sm:grid-cols-2 lg:grid-cols-4">
  <article class="group flex min-h-44 min-w-0 flex-col justify-between rounded-lg border border-border bg-background/70 p-5 shadow-sm transition duration-300 hover:-translate-y-0.5 hover:border-primary/40">
    <div><span class="grid size-10 place-items-center rounded-lg border border-border bg-surface text-primary transition duration-300 group-hover:border-primary/60"><span class="size-4" aria-hidden="true" data-icon="lucide:palette" data-size="1em" data-mode="svg"></span></span>
      <h3 class="mt-4 text-lg font-semibold leading-snug text-foreground">Design Gráfico</h3>
      <p class="mt-2 text-sm leading-6 text-muted">UNICID</p>
    </div>
    <p class="mt-5 w-fit rounded-lg border px-3 py-1.5 text-xs font-medium uppercase tracking-widest border-border text-subtle">Concluído em 2019</p>
  </article>
  <article class="group flex min-h-44 min-w-0 flex-col justify-between rounded-lg border border-border bg-background/70 p-5 shadow-sm transition duration-300 hover:-translate-y-0.5 hover:border-primary/40">
    <div><span class="grid size-10 place-items-center rounded-lg border border-border bg-surface text-primary transition duration-300 group-hover:border-primary/60"><span class="size-4" aria-hidden="true" data-icon="lucide:graduation-cap" data-size="1em" data-mode="svg"></span></span>
      <h3 class="mt-4 text-lg font-semibold leading-snug text-foreground">Ciência da Computação</h3>
      <p class="mt-2 text-sm leading-6 text-muted">ETEP</p>
    </div>
    <p class="mt-5 w-fit rounded-lg border px-3 py-1.5 text-xs font-medium uppercase tracking-widest border-primary/40 text-primary">Cursando</p>
  </article>
</div>"
`;
