// Vitest Snapshot v1, https://vitest.dev/guide/snapshot.html

exports[`WorkPrinciples > matches the snapshot 1`] = `
"<div class="grid w-full max-w-full gap-3 sm:grid-cols-2 lg:grid-cols-1">
  <article class="group min-w-0 rounded-lg border border-border bg-surface/70 p-4 shadow-sm transition duration-300 hover:-translate-y-0.5 hover:border-primary/40">
    <div class="flex items-start gap-3"><span class="grid size-10 shrink-0 place-items-center rounded-lg border border-border bg-background text-primary transition duration-300 group-hover:border-primary/60"><span class="size-4" aria-hidden="true" data-icon="lucide:search-check" data-size="1em" data-mode="svg"></span></span>
      <div class="min-w-0">
        <h3 class="text-base font-semibold text-foreground">Problema primeiro</h3>
        <p class="mt-2 text-sm leading-6 text-muted">Antes de codar, procuro entender contexto, objetivo e impacto da solução.</p>
      </div>
    </div>
  </article>
  <article class="group min-w-0 rounded-lg border border-border bg-surface/70 p-4 shadow-sm transition duration-300 hover:-translate-y-0.5 hover:border-primary/40">
    <div class="flex items-start gap-3"><span class="grid size-10 shrink-0 place-items-center rounded-lg border border-border bg-background text-primary transition duration-300 group-hover:border-primary/60"><span class="size-4" aria-hidden="true" data-icon="lucide:sliders-horizontal" data-size="1em" data-mode="svg"></span></span>
      <div class="min-w-0">
        <h3 class="text-base font-semibold text-foreground">Detalhes importam</h3>
        <p class="mt-2 text-sm leading-6 text-muted">Performance, acessibilidade, responsividade e manutenção entram na decisão.</p>
      </div>
    </div>
  </article>
</div>"
`;
