// Vitest Snapshot v1, https://vitest.dev/guide/snapshot.html

exports[`AboutSkillsSection > matches the snapshot 1`] = `
"<section class="bg-surface/35 px-4 py-16 sm:px-6 sm:py-20 md:py-24">
  <div class="mx-auto w-full max-w-6xl">
    <div class="max-w-3xl">
      <p class="text-sm font-medium uppercase tracking-widest text-subtle">Skills</p>
      <h2 class="mt-4 text-3xl font-bold leading-tight text-foreground sm:text-4xl"> Tecnologias que fazem parte do meu dia a dia </h2>
    </div>
    <div class="grid w-full max-w-full gap-5 mt-9">
      <div class="grid min-w-0 gap-5 lg:grid-cols-2">
        <section class="min-w-0 rounded-lg border border-primary/35 bg-primary/5 p-5 shadow-sm">
          <div class="flex items-center gap-3"><span class="grid size-10 shrink-0 place-items-center rounded-lg bg-primary text-black"><span class="size-4" aria-hidden="true" data-icon="lucide:monitor-smartphone" data-size="1em" data-mode="svg"></span></span>
            <div class="min-w-0">
              <p class="text-xs font-medium uppercase tracking-widest text-primary">Front-end</p>
              <h3 class="mt-1 text-lg font-semibold text-foreground">Interfaces, componentes e experiência</h3>
            </div>
          </div>
          <ul class="mt-5 flex flex-wrap gap-2">
            <li class="inline-flex min-w-0 items-center gap-2 rounded-lg border border-primary/35 bg-background/80 px-3 py-2 text-sm font-semibold text-foreground transition duration-300 hover:-translate-y-0.5 hover:border-primary/70"><span class="size-4 shrink-0 text-primary" aria-hidden="true" data-icon="simple-icons:vuedotjs" data-size="1em" data-mode="svg"></span><span class="break-words">Vue.js</span></li>
          </ul>
        </section>
        <section class="min-w-0 rounded-lg border border-primary/35 bg-primary/5 p-5 shadow-sm">
          <div class="flex items-center gap-3"><span class="grid size-10 shrink-0 place-items-center rounded-lg bg-primary text-black"><span class="size-4" aria-hidden="true" data-icon="lucide:server-cog" data-size="1em" data-mode="svg"></span></span>
            <div class="min-w-0">
              <p class="text-xs font-medium uppercase tracking-widest text-primary">Back-end</p>
              <h3 class="mt-1 text-lg font-semibold text-foreground">APIs, dados e regras de negócio</h3>
            </div>
          </div>
          <ul class="mt-5 flex flex-wrap gap-2">
            <li class="inline-flex min-w-0 items-center gap-2 rounded-lg border border-primary/35 bg-background/80 px-3 py-2 text-sm font-semibold text-foreground transition duration-300 hover:-translate-y-0.5 hover:border-primary/70"><span class="size-4 shrink-0 text-primary" aria-hidden="true" data-icon="simple-icons:rubyonrails" data-size="1em" data-mode="svg"></span><span class="break-words">Ruby on Rails</span></li>
          </ul>
        </section>
      </div>
      <section class="min-w-0 rounded-lg border border-border bg-surface/70 p-5 shadow-sm">
        <div class="flex items-center gap-3"><span class="grid size-10 shrink-0 place-items-center rounded-lg border border-border bg-background text-primary"><span class="size-4" aria-hidden="true" data-icon="lucide:blocks" data-size="1em" data-mode="svg"></span></span>
          <div class="min-w-0">
            <p class="text-xs font-medium uppercase tracking-widest text-subtle">Ferramentas &amp; Ecossistema</p>
            <h3 class="mt-1 text-lg font-semibold text-foreground">Ferramentas que apoiam meu fluxo de desenvolvimento</h3>
          </div>
        </div>
        <ul class="mt-5 flex flex-wrap gap-2">
          <li class="inline-flex min-w-0 items-center gap-2 rounded-lg border border-border bg-background/70 px-3 py-2 text-sm font-medium text-muted transition duration-300 hover:border-primary/50 hover:text-foreground"><span class="size-4 shrink-0 text-primary" aria-hidden="true" data-icon="simple-icons:git" data-size="1em" data-mode="svg"></span><span class="break-words">Git</span></li>
        </ul>
      </section>
    </div>
  </div>
</section>"
`;
