// Vitest Snapshot v1, https://vitest.dev/guide/snapshot.html

exports[`AboutEducationSection > matches the snapshot 1`] = `
"<section class="bg-background px-4 py-16 sm:px-6 sm:py-20 md:py-24">
  <div class="mx-auto w-full max-w-6xl">
    <div class="max-w-3xl">
      <p class="text-sm font-medium uppercase tracking-widest text-subtle">Formações</p>
      <h2 class="mt-4 text-3xl font-bold leading-tight text-foreground sm:text-4xl"> Caminhos que ajudaram a formar minha base </h2>
    </div>
    <div class="grid gap-4 sm:grid-cols-2 lg:grid-cols-4 mt-9">
      <article class="group flex min-h-44 min-w-0 flex-col justify-between rounded-lg border border-border bg-background/70 p-5 shadow-sm transition duration-300 hover:-translate-y-0.5 hover:border-primary/40">
        <div><span class="grid size-10 place-items-center rounded-lg border border-border bg-surface text-primary transition duration-300 group-hover:border-primary/60"><span class="size-4" aria-hidden="true" data-icon="lucide:rocket" data-size="1em" data-mode="svg"></span></span>
          <h3 class="mt-4 text-lg font-semibold leading-snug text-foreground">Explorer Full Stack</h3>
          <p class="mt-2 text-sm leading-6 text-muted">Rocketseat</p>
        </div>
        <p class="mt-5 w-fit rounded-lg border px-3 py-1.5 text-xs font-medium uppercase tracking-widest border-border text-subtle">Concluído em 2023</p>
      </article>
    </div>
  </div>
</section>"
`;
